
ubuntu20@Laptop:~$
ubuntu20@Laptop:~$
ubuntu20@Laptop:~$ pwd
/home/ubuntu20
ubuntu20@Laptop:~$ ls
AC  File1  ShellScriptPrograms  Zing  ansibleSample  linux_tweet_app  multicontent.txt  mycmnds.sh  tp
ubuntu20@Laptop:~$ cd AC
ubuntu20@Laptop:~/AC$ cd
ubuntu20@Laptop:~$ cd AC
ubuntu20@Laptop:~/AC$ pwd
/home/ubuntu20/AC
ubuntu20@Laptop:~/AC$ ls
AbcImpex  Hashmum  args.sh  argsStr.sh  ifelse.sh  input.sh
ubuntu20@Laptop:~/AC$ cd ..
ubuntu20@Laptop:~$ pwd
/home/ubuntu20
ubuntu20@Laptop:~$ ls
AC  File1  ShellScriptPrograms  Zing  ansibleSample  linux_tweet_app  multicontent.txt  mycmnds.sh  tp
ubuntu20@Laptop:~$ cd tp
ubuntu20@Laptop:~/tp$ ls
abhi  file2  n2  new  tp2
ubuntu20@Laptop:~/tp$ cd abhi
ubuntu20@Laptop:~/tp/abhi$ ls
TP  tp1  tp2
ubuntu20@Laptop:~/tp/abhi$ cd TP
ubuntu20@Laptop:~/tp/abhi/TP$ cd
ubuntu20@Laptop:~$ cd tp/abhi/TP
ubuntu20@Laptop:~/tp/abhi/TP$ ls
hobdir
ubuntu20@Laptop:~/tp/abhi/TP$ cd
ubuntu20@Laptop:~$ mkdir -p OuterFolder/InnerFolder
ubuntu20@Laptop:~$ ls
AC  File1  OuterFolder  ShellScriptPrograms  Zing  ansibleSample  linux_tweet_app  multicontent.txt  mycmnds.sh  tp
ubuntu20@Laptop:~$ cd OuterFolder
ubuntu20@Laptop:~/OuterFolder$ ls
InnerFolder
ubuntu20@Laptop:~/OuterFolder$ cd InnerFolder
ubuntu20@Laptop:~/OuterFolder/InnerFolder$ ls
ubuntu20@Laptop:~/OuterFolder/InnerFolder$ cd
ubuntu20@Laptop:~$ cd OuterFolder/InnerFolder
ubuntu20@Laptop:~/OuterFolder/InnerFolder$ cd ../..
ubuntu20@Laptop:~$ cd OuterFolder/InnerFolder
ubuntu20@Laptop:~/OuterFolder/InnerFolder$ cd
ubuntu20@Laptop:~$ cd OuterFolder
ubuntu20@Laptop:~/OuterFolder$ cd
ubuntu20@Laptop:~$ ls > outputLS.txt
ubuntu20@Laptop:~$ cat ls
cat: ls: No such file or directory
ubuntu20@Laptop:~$ cat outputLS.txt
AC
File1
OuterFolder
ShellScriptPrograms
Zing
ansibleSample
linux_tweet_app
multicontent.txt
mycmnds.sh
outputLS.txt
tp
ubuntu20@Laptop:~$ echo "Hello, In UBUNTU OS" > t11.txt
ubuntu20@Laptop:~$ cat t11.txt
Hello, In UBUNTU OS
ubuntu20@Laptop:~$ echo "Contents appended" >> t11.txt
ubuntu20@Laptop:~$ cat t11.txt
Hello, In UBUNTU OS
Contents appended
ubuntu20@Laptop:~$ cat a*txt
cat: 'a*txt': No such file or directory
ubuntu20@Laptop:~$ ls *.txt
multicontent.txt  outputLS.txt  t11.txt
ubuntu20@Laptop:~$ cat *.txt
 Contents inside File multicontent
AC
File1
OuterFolder
ShellScriptPrograms
Zing
ansibleSample
linux_tweet_app
multicontent.txt
mycmnds.sh
outputLS.txt
tp
Hello, In UBUNTU OS
Contents appended
ubuntu20@Laptop:~$ cat *.txt > newMix.txt
ubuntu20@Laptop:~$ cat newMix.txt
 Contents inside File multicontent
AC
File1
OuterFolder
ShellScriptPrograms
Zing
ansibleSample
linux_tweet_app
multicontent.txt
mycmnds.sh
outputLS.txt
tp
Hello, In UBUNTU OS
Contents appended
ubuntu20@Laptop:~$ less mix.txt
mix.txt: No such file or directory
ubuntu20@Laptop:~$ less newMix.txt
ubuntu20@Laptop:~$ mv newMix.txt /OuterFolder/InnerFolder
mv: cannot move 'newMix.txt' to '/OuterFolder/InnerFolder': No such file or directory
ubuntu20@Laptop:~$ mv newMix.txt OuterFolder/InnerFolder
ubuntu20@Laptop:~$ ls
AC  File1  OuterFolder  ShellScriptPrograms  Zing  ansibleSample  linux_tweet_app  multicontent.txt  mycmnds.sh  outputLS.txt  t11.txt  tp
ubuntu20@Laptop:~$ cd /OuterFolder/InnerFolder
-bash: cd: /OuterFolder/InnerFolder: No such file or directory
ubuntu20@Laptop:~$ cd OuterFolder/InnerFolder
ubuntu20@Laptop:~/OuterFolder/InnerFolder$ ls
newMix.txt
ubuntu20@Laptop:~/OuterFolder/InnerFolder$ cp newMix.txt new.txt
ubuntu20@Laptop:~/OuterFolder/InnerFolder$ ls
new.txt  newMix.txt
ubuntu20@Laptop:~/OuterFolder/InnerFolder$ pwd
/home/ubuntu20/OuterFolder/InnerFolder
ubuntu20@Laptop:~/OuterFolder/InnerFolder$ mv new.txt .
mv: 'new.txt' and './new.txt' are the same file
ubuntu20@Laptop:~/OuterFolder/InnerFolder$ mv new.txt ..
ubuntu20@Laptop:~/OuterFolder/InnerFolder$ ls
newMix.txt
ubuntu20@Laptop:~/OuterFolder/InnerFolder$ cd ..
ubuntu20@Laptop:~/OuterFolder$ ls
InnerFolder  new.txt
ubuntu20@Laptop:~/OuterFolder$ cd
ubuntu20@Laptop:~$ cd OuterFolder
ubuntu20@Laptop:~/OuterFolder$ ls
InnerFolder  new.txt
ubuntu20@Laptop:~/OuterFolder$ mv new.txt renamed.txt
ubuntu20@Laptop:~/OuterFolder$ ls
InnerFolder  renamed.txt
ubuntu20@Laptop:~/OuterFolder$ whoami
ubuntu20
ubuntu20@Laptop:~/OuterFolder$ who
ubuntu20@Laptop:~/OuterFolder$ w
 17:25:27 up  4:51,  0 users,  load average: 0.00, 0.00, 0.00
USER     TTY      FROM             LOGIN@   IDLE   JCPU   PCPU WHAT
ubuntu20@Laptop:~/OuterFolder$ id
uid=1000(ubuntu20) gid=1000(ubuntu20) groups=1000(ubuntu20),4(adm),20(dialout),24(cdrom),25(floppy),27(sudo),29(audio),30(dip),44(video),46(plugdev),117(netdev),1003(docker)
ubuntu20@Laptop:~/OuterFolder$ passwd
Changing password for ubuntu20.
Current password:
New password:
Retype new password:
passwd: password updated successfully
ubuntu20@Laptop:~/OuterFolder$
ubuntu20@Laptop:~/OuterFolder$ man man
ubuntu20@Laptop:~/OuterFolder$ man ls
ubuntu20@Laptop:~/OuterFolder$ man cd
No manual entry for cd
ubuntu20@Laptop:~/OuterFolder$ man docker
ubuntu20@Laptop:~/OuterFolder$ cd /
ubuntu20@Laptop:/$ pwd
/
ubuntu20@Laptop:/$ cd
ubuntu20@Laptop:~$ pwd
/home/ubuntu20
ubuntu20@Laptop:~$ cat /etc/passwd
root:x:0:0:root:/root:/bin/bash
daemon:x:1:1:daemon:/usr/sbin:/usr/sbin/nologin
bin:x:2:2:bin:/bin:/usr/sbin/nologin
sys:x:3:3:sys:/dev:/usr/sbin/nologin
sync:x:4:65534:sync:/bin:/bin/sync
games:x:5:60:games:/usr/games:/usr/sbin/nologin
man:x:6:12:man:/var/cache/man:/usr/sbin/nologin
lp:x:7:7:lp:/var/spool/lpd:/usr/sbin/nologin
mail:x:8:8:mail:/var/mail:/usr/sbin/nologin
news:x:9:9:news:/var/spool/news:/usr/sbin/nologin
uucp:x:10:10:uucp:/var/spool/uucp:/usr/sbin/nologin
proxy:x:13:13:proxy:/bin:/usr/sbin/nologin
www-data:x:33:33:www-data:/var/www:/usr/sbin/nologin
backup:x:34:34:backup:/var/backups:/usr/sbin/nologin
list:x:38:38:Mailing List Manager:/var/list:/usr/sbin/nologin
irc:x:39:39:ircd:/var/run/ircd:/usr/sbin/nologin
gnats:x:41:41:Gnats Bug-Reporting System (admin):/var/lib/gnats:/usr/sbin/nologin
nobody:x:65534:65534:nobody:/nonexistent:/usr/sbin/nologin
systemd-network:x:100:102:systemd Network Management,,,:/run/systemd:/usr/sbin/nologin
systemd-resolve:x:101:103:systemd Resolver,,,:/run/systemd:/usr/sbin/nologin
systemd-timesync:x:102:104:systemd Time Synchronization,,,:/run/systemd:/usr/sbin/nologin
messagebus:x:103:106::/nonexistent:/usr/sbin/nologin
syslog:x:104:110::/home/syslog:/usr/sbin/nologin
_apt:x:105:65534::/nonexistent:/usr/sbin/nologin
tss:x:106:111:TPM software stack,,,:/var/lib/tpm:/bin/false
uuidd:x:107:112::/run/uuidd:/usr/sbin/nologin
tcpdump:x:108:113::/nonexistent:/usr/sbin/nologin
sshd:x:109:65534::/run/sshd:/usr/sbin/nologin
landscape:x:110:115::/var/lib/landscape:/usr/sbin/nologin
pollinate:x:111:1::/var/cache/pollinate:/bin/false
ubuntu20:x:1000:1000:,,,:/home/ubuntu20:/bin/bash
newusr:x:1001:1001::/home/newusr:/bin/sh
mbr1:x:1002:1004::HOME_DIR:/bin/sh
mbr2:x:1003:1005::HOME_DIR:/bin/sh
mbr3:x:1004:1006::HOME_DIR:/bin/sh
mbr4:x:1005:1007::HOME_DIR:/bin/sh
m1:x:1006:1008::/home/m1:/bin/sh
m2:x:1007:1009::/home/m2:/bin/sh
m3:x:1008:1010::/home/m3:/bin/sh
aaa:x:1009:1011::/home/aaa:/bin/sh
mb1:x:1010:1013:member1,123,123,123,123:/home/mb1:/bin/bash
mb2:x:1011:1014:member2,123,123,123,123:/home/mb2:/bin/bash
mb3:x:1012:1015:member3,123,123,123,123:/home/mb3:/bin/bash
mb4:x:1013:1016:member4,123,123,123,123:/home/mb4:/bin/bash
timjag:x:1014:1017:,,,:/home/timjag:/bin/bash
abhi:x:1015:1018:ABHI,,,:/home/abhi:/bin/bash
zing1:x:1016:1020:,,,:/home/zing1:/bin/bash
zing2:x:1017:1021:,,,:/home/zing2:/bin/bash
user1:x:1018:1022:,,,:/home/user1:/bin/bash
user2:x:1019:1023:,,,:/home/user2:/bin/bash
ubuntu20@Laptop:~$ sudo adduser sample
[sudo] password for ubuntu20:
Adding user `sample' ...
Adding new group `sample' (1024) ...
Adding new user `sample' (1020) with group `sample' ...
Creating home directory `/home/sample' ...
Copying files from `/etc/skel' ...
New password:
Retype new password:
passwd: password updated successfully
Changing the user information for sample
Enter the new value, or press ENTER for the default
        Full Name []:
        Room Number []:
        Work Phone []:
        Home Phone []:
        Other []:
Is the information correct? [Y/n]
ubuntu20@Laptop:~$ cat /etc/group
root:x:0:
daemon:x:1:
bin:x:2:
sys:x:3:
adm:x:4:syslog,ubuntu20
tty:x:5:syslog
disk:x:6:
lp:x:7:
mail:x:8:
news:x:9:
uucp:x:10:
man:x:12:
proxy:x:13:
kmem:x:15:
dialout:x:20:ubuntu20
fax:x:21:
voice:x:22:
cdrom:x:24:ubuntu20
floppy:x:25:ubuntu20
tape:x:26:
sudo:x:27:ubuntu20,abhi
audio:x:29:ubuntu20
dip:x:30:ubuntu20
www-data:x:33:
backup:x:34:
operator:x:37:
list:x:38:
irc:x:39:
src:x:40:
gnats:x:41:
shadow:x:42:
utmp:x:43:
video:x:44:ubuntu20
sasl:x:45:
plugdev:x:46:ubuntu20
staff:x:50:
games:x:60:
users:x:100:
nogroup:x:65534:
systemd-journal:x:101:
systemd-network:x:102:
systemd-resolve:x:103:
systemd-timesync:x:104:
crontab:x:105:
messagebus:x:106:
input:x:107:
kvm:x:108:
render:x:109:
syslog:x:110:
tss:x:111:
uuidd:x:112:
tcpdump:x:113:
ssh:x:114:
landscape:x:115:
admin:x:116:
netdev:x:117:ubuntu20
lxd:x:118:
ubuntu20:x:1000:
newusr:x:1001:
nwgrp:x:1002:
docker:x:1003:ubuntu20
mbr1:x:1004:
mbr2:x:1005:
mbr3:x:1006:
mbr4:x:1007:
m1:x:1008:
m2:x:1009:
m3:x:1010:
aaa:x:1011:
abc:x:1012:
mb1:x:1013:
mb2:x:1014:
mb3:x:1015:
mb4:x:1016:
timjag:x:1017:
abhi:x:1018:
devops:x:1019:
zing1:x:1020:
zing2:x:1021:
user1:x:1022:
user2:x:1023:
sample:x:1024:
ubuntu20@Laptop:~$ groupadd demo
groupadd: Permission denied.
groupadd: cannot lock /etc/group; try again later.
ubuntu20@Laptop:~$ sudo groupadd demo
ubuntu20@Laptop:~$ cat /etc/passwd
root:x:0:0:root:/root:/bin/bash
daemon:x:1:1:daemon:/usr/sbin:/usr/sbin/nologin
bin:x:2:2:bin:/bin:/usr/sbin/nologin
sys:x:3:3:sys:/dev:/usr/sbin/nologin
sync:x:4:65534:sync:/bin:/bin/sync
games:x:5:60:games:/usr/games:/usr/sbin/nologin
man:x:6:12:man:/var/cache/man:/usr/sbin/nologin
lp:x:7:7:lp:/var/spool/lpd:/usr/sbin/nologin
mail:x:8:8:mail:/var/mail:/usr/sbin/nologin
news:x:9:9:news:/var/spool/news:/usr/sbin/nologin
uucp:x:10:10:uucp:/var/spool/uucp:/usr/sbin/nologin
proxy:x:13:13:proxy:/bin:/usr/sbin/nologin
www-data:x:33:33:www-data:/var/www:/usr/sbin/nologin
backup:x:34:34:backup:/var/backups:/usr/sbin/nologin
list:x:38:38:Mailing List Manager:/var/list:/usr/sbin/nologin
irc:x:39:39:ircd:/var/run/ircd:/usr/sbin/nologin
gnats:x:41:41:Gnats Bug-Reporting System (admin):/var/lib/gnats:/usr/sbin/nologin
nobody:x:65534:65534:nobody:/nonexistent:/usr/sbin/nologin
systemd-network:x:100:102:systemd Network Management,,,:/run/systemd:/usr/sbin/nologin
systemd-resolve:x:101:103:systemd Resolver,,,:/run/systemd:/usr/sbin/nologin
systemd-timesync:x:102:104:systemd Time Synchronization,,,:/run/systemd:/usr/sbin/nologin
messagebus:x:103:106::/nonexistent:/usr/sbin/nologin
syslog:x:104:110::/home/syslog:/usr/sbin/nologin
_apt:x:105:65534::/nonexistent:/usr/sbin/nologin
tss:x:106:111:TPM software stack,,,:/var/lib/tpm:/bin/false
uuidd:x:107:112::/run/uuidd:/usr/sbin/nologin
tcpdump:x:108:113::/nonexistent:/usr/sbin/nologin
sshd:x:109:65534::/run/sshd:/usr/sbin/nologin
landscape:x:110:115::/var/lib/landscape:/usr/sbin/nologin
pollinate:x:111:1::/var/cache/pollinate:/bin/false
ubuntu20:x:1000:1000:,,,:/home/ubuntu20:/bin/bash
newusr:x:1001:1001::/home/newusr:/bin/sh
mbr1:x:1002:1004::HOME_DIR:/bin/sh
mbr2:x:1003:1005::HOME_DIR:/bin/sh
mbr3:x:1004:1006::HOME_DIR:/bin/sh
mbr4:x:1005:1007::HOME_DIR:/bin/sh
m1:x:1006:1008::/home/m1:/bin/sh
m2:x:1007:1009::/home/m2:/bin/sh
m3:x:1008:1010::/home/m3:/bin/sh
aaa:x:1009:1011::/home/aaa:/bin/sh
mb1:x:1010:1013:member1,123,123,123,123:/home/mb1:/bin/bash
mb2:x:1011:1014:member2,123,123,123,123:/home/mb2:/bin/bash
mb3:x:1012:1015:member3,123,123,123,123:/home/mb3:/bin/bash
mb4:x:1013:1016:member4,123,123,123,123:/home/mb4:/bin/bash
timjag:x:1014:1017:,,,:/home/timjag:/bin/bash
abhi:x:1015:1018:ABHI,,,:/home/abhi:/bin/bash
zing1:x:1016:1020:,,,:/home/zing1:/bin/bash
zing2:x:1017:1021:,,,:/home/zing2:/bin/bash
user1:x:1018:1022:,,,:/home/user1:/bin/bash
user2:x:1019:1023:,,,:/home/user2:/bin/bash
sample:x:1020:1024:,,,:/home/sample:/bin/bash
ubuntu20@Laptop:~$ usermod
Usage: usermod [options] LOGIN

Options:
  -b, --badnames                allow bad names
  -c, --comment COMMENT         new value of the GECOS field
  -d, --home HOME_DIR           new home directory for the user account
  -e, --expiredate EXPIRE_DATE  set account expiration date to EXPIRE_DATE
  -f, --inactive INACTIVE       set password inactive after expiration
                                to INACTIVE
  -g, --gid GROUP               force use GROUP as new primary group
  -G, --groups GROUPS           new list of supplementary GROUPS
  -a, --append                  append the user to the supplemental GROUPS
                                mentioned by the -G option without removing
                                the user from other groups
  -h, --help                    display this help message and exit
  -l, --login NEW_LOGIN         new value of the login name
  -L, --lock                    lock the user account
  -m, --move-home               move contents of the home directory to the
                                new location (use only with -d)
  -o, --non-unique              allow using duplicate (non-unique) UID
  -p, --password PASSWORD       use encrypted password for the new password
  -R, --root CHROOT_DIR         directory to chroot into
  -P, --prefix PREFIX_DIR       prefix directory where are located the /etc/* files
  -s, --shell SHELL             new login shell for the user account
  -u, --uid UID                 new UID for the user account
  -U, --unlock                  unlock the user account
  -v, --add-subuids FIRST-LAST  add range of subordinate uids
  -V, --del-subuids FIRST-LAST  remove range of subordinate uids
  -w, --add-subgids FIRST-LAST  add range of subordinate gids
  -W, --del-subgids FIRST-LAST  remove range of subordinate gids
  -Z, --selinux-user SEUSER     new SELinux user mapping for the user account

ubuntu20@Laptop:~$ groupmod
Usage: groupmod [options] GROUP

Options:
  -g, --gid GID                 change the group ID to GID
  -h, --help                    display this help message and exit
  -n, --new-name NEW_GROUP      change the name to NEW_GROUP
  -o, --non-unique              allow to use a duplicate (non-unique) GID
  -p, --password PASSWORD       change the password to this (encrypted)
                                PASSWORD
  -R, --root CHROOT_DIR         directory to chroot into
  -P, --prefix PREFIX_DIR       prefix directory where are located the /etc/* files

ubuntu20@Laptop:~$ ls -il
total 48
40998 drwxr-xr-x 4 ubuntu20 ubuntu20 4096 Jan  5 16:27 AC
40732 drwxr-xr-x 2 ubuntu20 ubuntu20 4096 Dec  1 10:28 File1
97665 drwxr-xr-x 3 ubuntu20 ubuntu20 4096 Jan  7 17:25 OuterFolder
97375 drwxr-xr-x 2 ubuntu20 ubuntu20 4096 Dec 16 18:16 ShellScriptPrograms
97129 drwxr-xr-x 2 ubuntu20 ubuntu20 4096 Dec 28 16:48 Zing
97222 drwxr-xr-x 4 ubuntu20 ubuntu20 4096 Dec 16 12:29 ansibleSample
97115 drwxr-xr-x 3 ubuntu20 ubuntu20 4096 Dec 27 13:08 linux_tweet_app
40999 -r--r--r-- 1 ubuntu20 ubuntu20   36 Dec  8 17:10 multicontent.txt
97079 -rw-r--r-- 1 ubuntu20 ubuntu20  150 Dec 10 16:08 mycmnds.sh
97670 -rw-r--r-- 1 ubuntu20 ubuntu20  120 Jan  7 17:18 outputLS.txt
97676 -rw-r--r-- 1 ubuntu20 ubuntu20   38 Jan  7 17:20 t11.txt
40750 drwxr-xr-x 7 ubuntu20 ubuntu20 4096 Dec 15 10:36 tp
ubuntu20@Laptop:~$ file t11.txt
t11.txt: ASCII text
ubuntu20@Laptop:~$ ls
AC  File1  OuterFolder  ShellScriptPrograms  Zing  ansibleSample  linux_tweet_app  multicontent.txt  mycmnds.sh  outputLS.txt  t11.txt  tp
ubuntu20@Laptop:~$ ls -a
.         .aws           .bash_logout  .kube       .motd_shown                AC                   Zing              mycmnds.sh
..        .azure         .bashrc       .landscape  .profile                   File1                ansibleSample     outputLS.txt
.android  .bash_aliases  .config       .lesshst    .python_history            OuterFolder          linux_tweet_app   t11.txt
.ansible  .bash_history  .docker       .local      .sudo_as_admin_successful  ShellScriptPrograms  multicontent.txt  tp
ubuntu20@Laptop:~$ chmod a-w t11.txt
ubuntu20@Laptop:~$ ls -il t11.txt
97676 -r--r--r-- 1 ubuntu20 ubuntu20 38 Jan  7 17:20 t11.txt
ubuntu20@Laptop:~$ chmod 774 t11.txt
ubuntu20@Laptop:~$ ls  t11.txt
t11.txt
ubuntu20@Laptop:~$ ls -il t11.txt
97676 -rwxrwxr-- 1 ubuntu20 ubuntu20 38 Jan  7 17:20 t11.txt
ubuntu20@Laptop:~$ chmod 741 t11.txt
ubuntu20@Laptop:~$ ls -il t11.txt
97676 -rwxr----x 1 ubuntu20 ubuntu20 38 Jan  7 17:20 t11.txt
ubuntu20@Laptop:~$ chmod 754 t11.txt
ubuntu20@Laptop:~$ ls -il t11.txt
97676 -rwxr-xr-- 1 ubuntu20 ubuntu20 38 Jan  7 17:20 t11.txt
ubuntu20@Laptop:~$ chmod 124 t11.txt
ubuntu20@Laptop:~$ ls -il t11.txt
97676 ---x-w-r-- 1 ubuntu20 ubuntu20 38 Jan  7 17:20 t11.txt
ubuntu20@Laptop:~$ chmod 770 t11.txt
ubuntu20@Laptop:~$ ls -il t11.txt
97676 -rwxrwx--- 1 ubuntu20 ubuntu20 38 Jan  7 17:20 t11.txt
ubuntu20@Laptop:~$ ls -alh t11.txt
-rwxrwx--- 1 ubuntu20 ubuntu20 38 Jan  7 17:20 t11.txt
ubuntu20@Laptop:~$ ls -alh | grep t11.txt

-rwxrwx---  1 ubuntu20 ubuntu20   38 Jan  7 17:20 t11.txt
ubuntu20@Laptop:~$ ls -alh | grep t1
-rwxrwx---  1 ubuntu20 ubuntu20   38 Jan  7 17:20 t11.txt
ubuntu20@Laptop:~$ ls -alh | grep ubuntu
drwxr-xr-x 17 ubuntu20 ubuntu20 4.0K Jan  7 17:23 .
drwxr-x---  2 ubuntu20 ubuntu20 4.0K Jan  4 19:20 .android
drwxr-xr-x  4 ubuntu20 ubuntu20 4.0K Dec 15 17:15 .ansible
lrwxrwxrwx  1 ubuntu20 ubuntu20   23 Dec  3 12:40 .aws -> /mnt/c/Users/abhin/.aws
lrwxrwxrwx  1 ubuntu20 ubuntu20   25 Dec  3 12:40 .azure -> /mnt/c/Users/abhin/.azure
-rwxr-xr-x  1 ubuntu20 ubuntu20   67 Dec 10 17:20 .bash_aliases
-rw-------  1 ubuntu20 ubuntu20  29K Jan  5 18:03 .bash_history
-rw-r--r--  1 ubuntu20 ubuntu20  220 Nov 30 21:07 .bash_logout
-rw-r--r--  1 ubuntu20 ubuntu20 3.7K Nov 30 21:07 .bashrc
drwx------  4 ubuntu20 ubuntu20 4.0K Dec  7 12:12 .config
drwxr-xr-x  4 ubuntu20 ubuntu20 4.0K Dec 27 13:10 .docker
drwxr-xr-x  2 ubuntu20 ubuntu20 4.0K Jan  6 17:06 .kube
drwxr-xr-x  2 ubuntu20 ubuntu20 4.0K Nov 30 21:08 .landscape
-rw-------  1 ubuntu20 ubuntu20   28 Dec  1 18:01 .lesshst
drwxr-xr-x  3 ubuntu20 ubuntu20 4.0K Dec  2 17:49 .local
-rw-r--r--  1 ubuntu20 ubuntu20    0 Jan  7 17:07 .motd_shown
-rw-r--r--  1 ubuntu20 ubuntu20  807 Nov 30 21:07 .profile
-rw-------  1 ubuntu20 ubuntu20 4.5K Dec 18 17:40 .python_history
-rw-r--r--  1 ubuntu20 ubuntu20    0 Dec  2 11:31 .sudo_as_admin_successful
drwxr-xr-x  4 ubuntu20 ubuntu20 4.0K Jan  5 16:27 AC
drwxr-xr-x  2 ubuntu20 ubuntu20 4.0K Dec  1 10:28 File1
drwxr-xr-x  3 ubuntu20 ubuntu20 4.0K Jan  7 17:25 OuterFolder
drwxr-xr-x  2 ubuntu20 ubuntu20 4.0K Dec 16 18:16 ShellScriptPrograms
drwxr-xr-x  2 ubuntu20 ubuntu20 4.0K Dec 28 16:48 Zing
drwxr-xr-x  4 ubuntu20 ubuntu20 4.0K Dec 16 12:29 ansibleSample
drwxr-xr-x  3 ubuntu20 ubuntu20 4.0K Dec 27 13:08 linux_tweet_app
-r--r--r--  1 ubuntu20 ubuntu20   36 Dec  8 17:10 multicontent.txt
-rw-r--r--  1 ubuntu20 ubuntu20  150 Dec 10 16:08 mycmnds.sh
-rw-r--r--  1 ubuntu20 ubuntu20  120 Jan  7 17:18 outputLS.txt
-rwxrwx---  1 ubuntu20 ubuntu20   38 Jan  7 17:20 t11.txt
drwxr-xr-x  7 ubuntu20 ubuntu20 4.0K Dec 15 10:36 tp
ubuntu20@Laptop:~$ ls -alh | grep t*.txt
-rwxrwx---  1 ubuntu20 ubuntu20   38 Jan  7 17:20 t11.txt
ubuntu20@Laptop:~$ touch newtext.txt
ubuntu20@Laptop:~$ nano newtext.txt
ubuntu20@Laptop:~$ cat newtext.txt
New File Created
ubuntu20@Laptop:~$ ls -alh newtext.txt
-rw-r--r-- 1 ubuntu20 ubuntu20 17 Jan  7 17:46 newtext.txt
ubuntu20@Laptop:~$ ls
AC  File1  OuterFolder  ShellScriptPrograms  Zing  ansibleSample  linux_tweet_app  multicontent.txt  mycmnds.sh  newtext.txt  outputLS.txt  t11.txt  tp
ubuntu20@Laptop:~$ rm --newtext.txt
rm: unrecognized option '--newtext.txt'
Try 'rm --help' for more information.
ubuntu20@Laptop:~$ rm -- newtext.txt
ubuntu20@Laptop:~$ ls
AC  File1  OuterFolder  ShellScriptPrograms  Zing  ansibleSample  linux_tweet_app  multicontent.txt  mycmnds.sh  outputLS.txt  t11.txt  tp
ubuntu20@Laptop:~$ find . -name *dir*
./tp/abhi/TP/hobdir
ubuntu20@Laptop:~$ find . -name *n*
find: paths must precede expression: `ansibleSample'
find: possible unquoted pattern after predicate `-name'?
ubuntu20@Laptop:~$ find . -name *name*
./OuterFolder/renamed.txt
ubuntu20@Laptop:~$ find . -name *new*.txt
./OuterFolder/InnerFolder/newMix.txt
./tp/file2/tp3/new.txt
./tp/abhi/tp2/new.txt
ubuntu20@Laptop:~$ find . -name *new*
./OuterFolder/InnerFolder/newMix.txt
./linux_tweet_app/index-new.html
./ansibleSample/newDirRole
./tp/file2/tp3/new.txt
./tp/n2/newDirRole
./tp/new
./tp/tp2/new.sh
./tp/abhi/tp2/new.txt
ubuntu20@Laptop:~$ find . type -d -name *new*
find: warning: the -d option is deprecated; please use -depth instead, because the latter is a POSIX-compliant feature.
./OuterFolder/InnerFolder/newMix.txt
./linux_tweet_app/index-new.html
./ansibleSample/newDirRole
./tp/file2/tp3/new.txt
./tp/n2/newDirRole
./tp/new
./tp/tp2/new.sh
./tp/abhi/tp2/new.txt
find: ‘type’: No such file or directory
ubuntu20@Laptop:~$ find . type -d -name "new*"
find: warning: the -d option is deprecated; please use -depth instead, because the latter is a POSIX-compliant feature.
./OuterFolder/InnerFolder/newMix.txt
./ansibleSample/newDirRole
./tp/file2/tp3/new.txt
./tp/n2/newDirRole
./tp/new
./tp/tp2/new.sh
./tp/abhi/tp2/new.txt
find: ‘type’: No such file or directory
ubuntu20@Laptop:~$ cat tp/file2/tp3/new.txt
New text sample
Parent
tp1.txt
tp2
Parent
tp1.txt
tp2
tp2.txt
New text sample
Parent
tp1.txt
tp2
tp2.txt
ubuntu20@Laptop:~$ cd tp/file2/tp3
ubuntu20@Laptop:~/tp/file2/tp3$ ls
Parent  allcontent.txt  new.txt  tp.txt  tp1.txt  tp2  tp2.txt  tp3.txt
ubuntu20@Laptop:~/tp/file2/tp3$ mv new.txt newdel.txt
ubuntu20@Laptop:~/tp/file2/tp3$ ls
Parent  allcontent.txt  newdel.txt  tp.txt  tp1.txt  tp2  tp2.txt  tp3.txt
ubuntu20@Laptop:~/tp/file2/tp3$ cd
ubuntu20@Laptop:~$ find . -name newdel -delete
ubuntu20@Laptop:~$ ls
AC  File1  OuterFolder  ShellScriptPrograms  Zing  ansibleSample  linux_tweet_app  multicontent.txt  mycmnds.sh  outputLS.txt  t11.txt  tp
ubuntu20@Laptop:~$ cd tp/file2/tp3
ubuntu20@Laptop:~/tp/file2/tp3$ ls
Parent  allcontent.txt  newdel.txt  tp.txt  tp1.txt  tp2  tp2.txt  tp3.txt
ubuntu20@Laptop:~/tp/file2/tp3$ cd
ubuntu20@Laptop:~$ find . -name newdel.txt -delete
ubuntu20@Laptop:~$ cd tp/file2/tp3
ubuntu20@Laptop:~/tp/file2/tp3$ ls
Parent  allcontent.txt  tp.txt  tp1.txt  tp2  tp2.txt  tp3.txt
ubuntu20@Laptop:~/tp/file2/tp3$ cd
ubuntu20@Laptop:~$ free
              total        used        free      shared  buff/cache   available
Mem:        3965436     1576600      139640      378528     2249196     1778556
Swap:       1048576           0     1048576
ubuntu20@Laptop:~$ uptime
 17:55:39 up  5:21,  0 users,  load average: 0.00, 0.00, 0.00
ubuntu20@Laptop:~$ sudo apt update
Hit:1 http://archive.ubuntu.com/ubuntu focal InRelease
Hit:2 http://ppa.launchpad.net/ansible/ansible/ubuntu focal InRelease
Hit:3 http://security.ubuntu.com/ubuntu focal-security InRelease
Hit:4 http://archive.ubuntu.com/ubuntu focal-updates InRelease
Hit:5 http://archive.ubuntu.com/ubuntu focal-backports InRelease
Reading package lists... Done
Building dependency tree
Reading state information... Done
98 packages can be upgraded. Run 'apt list --upgradable' to see them.
ubuntu20@Laptop:~$
ubuntu20@Laptop:~$ python3
Python 3.8.10 (default, Jun  2 2021, 10:49:15)
[GCC 9.4.0] on linux
Type "help", "copyright", "credits" or "license" for more information.
>>> a=5
>>> a+5
10
>>> a+5
10
>>> a+=5
>>> a
10
>>> a+=5
>>> a
15
>>> a+5
20
>>> a/5
3.0
>>> val=a*3
>>> val
45
>>> if(a<val):
...     print("value=",a)
... else:
...     print("value=",val)
...
value= 15
>>> val
45
>>> a
15
>>> for i in range(0,10):
...     print(i)
...
0
1
2
3
4
5
6
7
8
9
>>> exit
Use exit() or Ctrl-D (i.e. EOF) to exit
>>> exit()
ubuntu20@Laptop:~$ ls